[rosangelachiaretti.com.br/index.html]
[backblue.gif]
[fade.gif]
[index.html]
[rosangelachiaretti.com.br/wp-includes/css/dist/block-library/style.minadc6.css]
[rosangelachiaretti.com.br/wp-content/themes/hello-elementor/style.min1102.css]
[rosangelachiaretti.com.br/feed/index.html]
[rosangelachiaretti.com.br/wp-content/themes/hello-elementor/theme.min1102.css]
[rosangelachiaretti.com.br/comments/feed/index.html]
[rosangelachiaretti.com.br/wp-content/plugins/elementor/assets/css/frontend-lite.minafc7.css]
[rosangelachiaretti.com.br/wp-content/uploads/elementor/css/post-1089c5.css]
[rosangelachiaretti.com.br/wp-content/plugins/elementor/assets/lib/eicons/css/elementor-icons.min192d.css]
[rosangelachiaretti.com.br/wp-content/plugins/elementor/assets/lib/swiper/css/swiper.min48f5.css]
[rosangelachiaretti.com.br/wp-content/plugins/pro-elements/assets/css/frontend-lite.min5829.css]
[rosangelachiaretti.com.br/wp-content/plugins/elementor/assets/lib/font-awesome/css/all.minafc7.css]
[rosangelachiaretti.com.br/wp-content/plugins/elementor/assets/lib/font-awesome/css/v4-shims.minafc7.css]
[rosangelachiaretti.com.br/wp-content/uploads/elementor/css/globala300.css]
[rosangelachiaretti.com.br/wp-content/uploads/elementor/css/post-116cce.css]
[rosangelachiaretti.com.br/wp-content/plugins/happy-elementor-addons/assets/fonts/style.min6f61.css]
[rosangelachiaretti.com.br/wp-content/plugins/elementor/assets/lib/font-awesome/css/font-awesome.min1849.css]
[rosangelachiaretti.com.br/wp-content/plugins/elementor/assets/lib/font-awesome/css/fontawesome.min52d5.css]
[rosangelachiaretti.com.br/wp-content/plugins/elementor/assets/lib/font-awesome/css/solid.min52d5.css]
[rosangelachiaretti.com.br/wp-content/plugins/elementor/assets/lib/font-awesome/css/brands.min52d5.css]
[rosangelachiaretti.com.br/wp-includes/js/jquery/jquery.minf43b.js]
[rosangelachiaretti.com.br/wp-includes/js/jquery/jquery-migrate.min5589.js]
[rosangelachiaretti.com.br/wp-content/plugins/elementor/assets/lib/font-awesome/js/v4-shims.minafc7.js]
[rosangelachiaretti.com.br/wp-json/wp/v2/pages/11.json]
[rosangelachiaretti.com.br/wp-json/index.html]
[rosangelachiaretti.com.br/xmlrpc0db0.php]
[rosangelachiaretti.com.br/wp-json/oembed/1.0/embed28d6.json]
[rosangelachiaretti.com.br/wp-json/oembed/1.0/embeda47e]
[rosangelachiaretti.com.br/wp-content/uploads/2023/12/cropped-Vector-32x32.png]
[rosangelachiaretti.com.br/wp-content/uploads/2023/12/cropped-Vector-192x192.png]
[rosangelachiaretti.com.br/wp-content/uploads/2023/12/cropped-Vector-180x180.png]
[rosangelachiaretti.com.br/wp-content/plugins/pro-elements/assets/css/widget-nav-menu.min.css]
[rosangelachiaretti.com.br/wp-content/uploads/2023/12/sobre-mobile2-1-683x1024.jpg]
[rosangelachiaretti.com.br/wp-content/plugins/pro-elements/assets/css/widget-posts.min.css]
[rosangelachiaretti.com.br/wp-content/themes/hello-elementor/assets/js/hello-frontend.min8a54.js]
[rosangelachiaretti.com.br/wp-content/plugins/happy-elementor-addons/assets/js/happy-addons.min6f61.js]
[rosangelachiaretti.com.br/blog/index.html]
[rosangelachiaretti.com.br/wp-content/plugins/pro-elements/assets/lib/smartmenus/jquery.smartmenus.minf269.js]
[rosangelachiaretti.com.br/wp-includes/js/imagesloaded.minbb93.js]
[rosangelachiaretti.com.br/wp-content/plugins/pro-elements/assets/js/webpack-pro.runtime.min5829.js]
[rosangelachiaretti.com.br/wp-content/plugins/elementor/assets/js/webpack.runtime.minafc7.js]
[rosangelachiaretti.com.br/meu-livro-meu-legado/index.html]
[rosangelachiaretti.com.br/wp-content/plugins/elementor/assets/js/frontend-modules.minafc7.js]
[rosangelachiaretti.com.br/wp-includes/js/dist/vendor/wp-polyfill-inert.min0226.js]
[rosangelachiaretti.com.br/wp-includes/js/dist/vendor/regenerator-runtime.min6c85.js]
[rosangelachiaretti.com.br/sobre/index.html]
[rosangelachiaretti.com.br/wp-includes/js/dist/vendor/wp-polyfill.min2c7c.js]
[rosangelachiaretti.com.br/wp-includes/js/dist/hooks.min2757.js]
[rosangelachiaretti.com.br/wp-includes/js/dist/i18n.minc33c.js]
[rosangelachiaretti.com.br/wp-content/plugins/pro-elements/assets/js/frontend.min5829.js]
[rosangelachiaretti.com.br/wp-content/plugins/elementor/assets/lib/waypoints/waypoints.min05da.js]
[rosangelachiaretti.com.br/wp-includes/js/jquery/ui/core.min3f14.js]
[rosangelachiaretti.com.br/voce-se-conhece/index.html]
[rosangelachiaretti.com.br/wp-content/plugins/elementor/assets/js/frontend.minafc7.js]
[rosangelachiaretti.com.br/wp-content/plugins/pro-elements/assets/js/elements-handlers.min5829.js]
[rosangelachiaretti.com.br/index.html]
[rosangelachiaretti.com.br/wp-content/plugins/pro-elements/assets/lib/sticky/jquery.sticky.min5829.js]
[rosangelachiaretti.com.br/wp-includes/css/dist/block-library/style.minadc6.css]
[rosangelachiaretti.com.br/wp-content/themes/hello-elementor/style.min1102.css]
[rosangelachiaretti.com.br/wp-content/themes/hello-elementor/theme.min1102.css]
[rosangelachiaretti.com.br/wp-content/plugins/elementor/assets/css/frontend-lite.minafc7.css]
[rosangelachiaretti.com.br/wp-content/uploads/elementor/css/post-1089c5.css]
[rosangelachiaretti.com.br/wp-content/plugins/elementor/assets/lib/eicons/fonts/eicons9506.eot]
[rosangelachiaretti.com.br/blog-1/index.html]
[rosangelachiaretti.com.br/wp-content/plugins/elementor/assets/lib/eicons/fonts/eicons9506.woff2]
[rosangelachiaretti.com.br/wp-content/plugins/elementor/assets/lib/eicons/fonts/eicons9506.woff]
[rosangelachiaretti.com.br/wp-content/plugins/elementor/assets/lib/eicons/fonts/eicons9506.ttf]
[rosangelachiaretti.com.br/wp-content/plugins/elementor/assets/lib/eicons/css/elementor-icons.min192d.css]
[rosangelachiaretti.com.br/wp-content/plugins/elementor/assets/lib/swiper/css/swiper.min48f5.css]
[rosangelachiaretti.com.br/wp-content/plugins/pro-elements/assets/css/frontend-lite.min5829.css]
[rosangelachiaretti.com.br/wp-content/plugins/elementor/assets/lib/font-awesome/webfonts/fa-brands-400.eot]
[rosangelachiaretti.com.br/wp-content/plugins/elementor/assets/lib/font-awesome/webfonts/fa-brands-400d41d.eot]
[rosangelachiaretti.com.br/wp-content/plugins/elementor/assets/lib/font-awesome/webfonts/fa-brands-400.woff2]
[rosangelachiaretti.com.br/wp-content/plugins/elementor/assets/lib/font-awesome/webfonts/fa-brands-400.woff]
[rosangelachiaretti.com.br/wp-content/plugins/elementor/assets/lib/font-awesome/webfonts/fa-brands-400.ttf]
[rosangelachiaretti.com.br/wp-content/plugins/elementor/assets/lib/font-awesome/webfonts/fa-regular-400.eot]
[rosangelachiaretti.com.br/wp-content/plugins/elementor/assets/lib/font-awesome/webfonts/fa-regular-400d41d.eot]
[rosangelachiaretti.com.br/wp-content/plugins/elementor/assets/lib/font-awesome/webfonts/fa-regular-400.woff2]
[rosangelachiaretti.com.br/wp-content/plugins/elementor/assets/lib/font-awesome/webfonts/fa-regular-400.woff]
[rosangelachiaretti.com.br/wp-content/plugins/elementor/assets/lib/font-awesome/webfonts/fa-regular-400.ttf]
[rosangelachiaretti.com.br/wp-content/plugins/elementor/assets/lib/font-awesome/webfonts/fa-solid-900.eot]
[rosangelachiaretti.com.br/wp-content/plugins/elementor/assets/lib/font-awesome/webfonts/fa-solid-900d41d.eot]
[rosangelachiaretti.com.br/wp-content/plugins/elementor/assets/lib/font-awesome/webfonts/fa-solid-900.woff2]
[rosangelachiaretti.com.br/wp-content/plugins/elementor/assets/lib/font-awesome/webfonts/fa-solid-900.woff]
[rosangelachiaretti.com.br/wp-content/plugins/elementor/assets/lib/font-awesome/webfonts/fa-solid-900.ttf]
[rosangelachiaretti.com.br/wp-content/plugins/elementor/assets/lib/font-awesome/css/all.minafc7.css]
[rosangelachiaretti.com.br/wp-content/plugins/elementor/assets/lib/font-awesome/css/v4-shims.minafc7.css]
[rosangelachiaretti.com.br/wp-content/uploads/elementor/css/globala300.css]
[rosangelachiaretti.com.br/wp-content/uploads/2023/12/home3-tiny.jpg]
[rosangelachiaretti.com.br/wp-content/uploads/2023/12/sobre-tiny.jpg]
[rosangelachiaretti.com.br/wp-content/uploads/2023/12/servicos2-tiny.jpg]
[rosangelachiaretti.com.br/wp-content/uploads/2023/09/contato.jpg]
[rosangelachiaretti.com.br/wp-content/uploads/2023/10/sobre-tablet.jpg]
[rosangelachiaretti.com.br/wp-content/uploads/2023/09/servicos2.jpg]
[rosangelachiaretti.com.br/wp-content/uploads/2023/10/home-mobile.jpg]
[rosangelachiaretti.com.br/wp-content/uploads/elementor/css/post-116cce.css]
[rosangelachiaretti.com.br/wp-content/plugins/happy-elementor-addons/assets/fonts/happy-icons.woff2]
[rosangelachiaretti.com.br/wp-content/plugins/happy-elementor-addons/assets/fonts/happy-icons.woff]
[rosangelachiaretti.com.br/wp-content/plugins/happy-elementor-addons/assets/fonts/style.min6f61.css]
[rosangelachiaretti.com.br/wp-content/plugins/elementor/assets/lib/font-awesome/fonts/fontawesome-webfont3e6e.eot]
[rosangelachiaretti.com.br/wp-content/plugins/elementor/assets/lib/font-awesome/fonts/fontawesome-webfontd41d.eot]
[rosangelachiaretti.com.br/wp-content/plugins/elementor/assets/lib/font-awesome/fonts/fontawesome-webfont3e6e.woff2]
[rosangelachiaretti.com.br/wp-content/plugins/elementor/assets/lib/font-awesome/fonts/fontawesome-webfont3e6e.woff]
[rosangelachiaretti.com.br/wp-content/plugins/elementor/assets/lib/font-awesome/fonts/fontawesome-webfont3e6e.ttf]
[rosangelachiaretti.com.br/wp-content/plugins/elementor/assets/lib/font-awesome/css/font-awesome.min1849.css]
[rosangelachiaretti.com.br/wp-content/plugins/elementor/assets/lib/font-awesome/css/fontawesome.min52d5.css]
[rosangelachiaretti.com.br/wp-content/plugins/elementor/assets/lib/font-awesome/css/solid.min52d5.css]
[rosangelachiaretti.com.br/wp-content/plugins/elementor/assets/lib/font-awesome/css/brands.min52d5.css]
[rosangelachiaretti.com.br/wp-content/plugins/pro-elements/assets/css/widget-nav-menu.min.css]
[rosangelachiaretti.com.br/wp-content/uploads/elementor/css/post-375e1d9.css]
[rosangelachiaretti.com.br/wp-json/wp/v2/pages/375.json]
[rosangelachiaretti.com.br/wp-json/oembed/1.0/embed21d3.json]
[rosangelachiaretti.com.br/wp-json/oembed/1.0/embed5c30]
[rosangelachiaretti.com.br/wp-content/uploads/2023/12/artigos11.jpg]
[rosangelachiaretti.com.br/wp-content/uploads/2023/11/post21.jpg]
[rosangelachiaretti.com.br/wp-content/uploads/2023/09/post1-1.jpg]
[rosangelachiaretti.com.br/blog/index.html]
[rosangelachiaretti.com.br/wp-content/plugins/pro-elements/assets/css/widget-theme-elements.min.css]
[rosangelachiaretti.com.br/wp-content/uploads/elementor/css/post-944a410.css]
[rosangelachiaretti.com.br/wp-json/wp/v2/pages/944.json]
[rosangelachiaretti.com.br/wp-json/oembed/1.0/embedec5a.json]
[rosangelachiaretti.com.br/wp-json/oembed/1.0/embed84cf]
[rosangelachiaretti.com.br/wp-content/uploads/2024/02/livro-hero-scaled.jpg]
[rosangelachiaretti.com.br/wp-content/uploads/2024/02/6-1.jpg]
[rosangelachiaretti.com.br/wp-content/uploads/2024/02/2-1.jpg]
[rosangelachiaretti.com.br/wp-content/uploads/2024/02/7-1.jpg]
[rosangelachiaretti.com.br/wp-content/uploads/2024/02/4-1.jpg]
[rosangelachiaretti.com.br/wp-content/uploads/2024/02/1-1.jpg]
[rosangelachiaretti.com.br/wp-content/uploads/2024/02/5-1.jpg]
[rosangelachiaretti.com.br/wp-content/plugins/elementor/assets/lib/e-gallery/css/e-gallery.min7359.css]
[rosangelachiaretti.com.br/meu-livro-meu-legado/index.html]
[rosangelachiaretti.com.br/wp-content/plugins/elementor/assets/lib/e-gallery/js/e-gallery.min7359.js]
[rosangelachiaretti.com.br/wp-content/uploads/elementor/css/post-361fea3.css]
[rosangelachiaretti.com.br/wp-json/wp/v2/pages/361.json]
[rosangelachiaretti.com.br/wp-json/oembed/1.0/embed3fc5.json]
[rosangelachiaretti.com.br/wp-json/oembed/1.0/embedb6e3]
[rosangelachiaretti.com.br/wp-content/uploads/2023/10/IMG_5227-scaled.jpg]
[rosangelachiaretti.com.br/wp-content/uploads/2023/10/IMG_4863-scaled.jpg]
[rosangelachiaretti.com.br/wp-content/uploads/2023/10/IMG_5232-scaled.jpg]
[rosangelachiaretti.com.br/wp-content/uploads/2023/10/IMG_5407-scaled.jpg]
[rosangelachiaretti.com.br/wp-content/uploads/2023/10/IMG_5462-scaled.jpg]
[rosangelachiaretti.com.br/sobre/index.html]
[rosangelachiaretti.com.br/wp-content/plugins/pro-elements/assets/css/widget-posts.min.css]
[rosangelachiaretti.com.br/wp-content/uploads/elementor/css/post-6828596.css]
[rosangelachiaretti.com.br/voce-se-conhece/feed/index.html]
[rosangelachiaretti.com.br/wp-json/wp/v2/posts/682.json]
[rosangelachiaretti.com.br/wp-json/oembed/1.0/embed6642.json]
[rosangelachiaretti.com.br/wp-json/oembed/1.0/embed3ab5]
[rosangelachiaretti.com.br/wp-content/plugins/elementor/assets/css/widget-icon-list.min.css]
[rosangelachiaretti.com.br/wp-content/plugins/pro-elements/assets/css/widget-share-buttons.min.css]
[rosangelachiaretti.com.br/wp-content/uploads/2023/10/IMG_5227-200x300.jpg]
[rosangelachiaretti.com.br/wp-content/uploads/2023/11/post21-261x300.jpg]
[rosangelachiaretti.com.br/wp-content/uploads/2023/09/post1-1-300x237.jpg]
[rosangelachiaretti.com.br/wp-content/plugins/elementor/assets/lib/font-awesome/css/regular.min52d5.css]
[rosangelachiaretti.com.br/voce-se-conhece/index.html]
[rosangelachiaretti.com.br/wp-content/uploads/elementor/css/post-18d5f.css]
[rosangelachiaretti.com.br/2023/11/30/index.html]
[rosangelachiaretti.com.br/blog-1/feed/index.html]
[rosangelachiaretti.com.br/wp-json/wp/v2/posts/1.json]
[rosangelachiaretti.com.br/wp-json/oembed/1.0/embede45c.json]
[rosangelachiaretti.com.br/wp-json/oembed/1.0/embed8aa7]
[rosangelachiaretti.com.br/blog-1/index.html]
[rosangelachiaretti.com.br/wp-content/plugins/elementor/assets/lib/eicons/fonts/eicons9506.svg]
[rosangelachiaretti.com.br/wp-content/plugins/elementor/assets/lib/font-awesome/webfonts/fa-brands-400.svg]
[rosangelachiaretti.com.br/wp-content/plugins/elementor/assets/lib/font-awesome/webfonts/fa-regular-400.svg]
[rosangelachiaretti.com.br/wp-content/plugins/elementor/assets/lib/font-awesome/webfonts/fa-solid-900.svg]
[rosangelachiaretti.com.br/wp-content/plugins/happy-elementor-addons/assets/fonts/happy-icons.svg]
[rosangelachiaretti.com.br/wp-content/plugins/elementor/assets/lib/font-awesome/fonts/fontawesome-webfont3e6e.svg]
[rosangelachiaretti.com.br/wp-content/uploads/elementor/css/post-375e1d9.css]
[rosangelachiaretti.com.br/index3922.html]
[rosangelachiaretti.com.br/wp-content/plugins/pro-elements/assets/css/widget-theme-elements.min.css]
[rosangelachiaretti.com.br/wp-content/uploads/elementor/css/post-944a410.css]
[rosangelachiaretti.com.br/index2a95.html]
[rosangelachiaretti.com.br/wp-content/plugins/elementor/assets/lib/e-gallery/css/e-gallery.min7359.css]
[rosangelachiaretti.com.br/wp-content/uploads/elementor/css/post-361fea3.css]
[rosangelachiaretti.com.br/index76f0.html]
[rosangelachiaretti.com.br/wp-content/uploads/elementor/css/post-6828596.css]
[rosangelachiaretti.com.br/index31fc.html]
[rosangelachiaretti.com.br/wp-content/plugins/elementor/assets/css/widget-icon-list.min.css]
[rosangelachiaretti.com.br/2023/09/26/index.html]
[rosangelachiaretti.com.br/wp-content/uploads/2023/11/post21-890x1024.jpg]
[rosangelachiaretti.com.br/2023/11/30/index.html]
[rosangelachiaretti.com.br/wp-content/plugins/pro-elements/assets/css/widget-share-buttons.min.css]
[rosangelachiaretti.com.br/wp-content/plugins/elementor/assets/lib/font-awesome/css/regular.min52d5.css]
[rosangelachiaretti.com.br/wp-content/uploads/elementor/css/post-18d5f.css]
[rosangelachiaretti.com.br/indexcff1.html]
[rosangelachiaretti.com.br/wp-content/uploads/2023/09/post1-1-1024x809.jpg]
[rosangelachiaretti.com.br/2023/09/26/index.html]
